MO adder NULL TrafficLight.v vlg54/adder.bin 1559180596
MO trafficLight NULL TrafficLight.v vlg6B/traffic_light.bin 1559180596
MO flopr NULL TrafficLight.v vlg3B/flopr.bin 1559180596
MO fulladder_st NULL TrafficLight.v vlg61/fulladder__st.bin 1559180596
MO timer_st NULL TrafficLight.v vlg5F/timer__st.bin 1559180596
MO addergen_st NULL TrafficLight.v vlg0C/addergen__st.bin 1559180596
MO comparatorgen_st NULL TrafficLight.v vlg64/comparatorgen__st.bin 1559180596
