--------------------------------------------------------------------------------
Release 14.7 Trace  (nt)
Copyright (c) 1995-2013 Xilinx, Inc.  All rights reserved.

D:\CS\14.7\ISE_DS\ISE\bin\nt\unwrapped\trce.exe -intstyle ise -v 3 -s 5 -n 3
-fastpaths -xml sprinkler_circuit.twx sprinkler_circuit.ncd -o
sprinkler_circuit.twr sprinkler_circuit.pcf -ucf ImpConF.ucf

Design file:              sprinkler_circuit.ncd
Physical constraint file: sprinkler_circuit.pcf
Device,package,speed:     xc3s100e,cp132,-5 (PRODUCTION 1.27 2013-10-13)
Report level:             verbose report

Environment Variable      Effect 
--------------------      ------ 
NONE                      No environment variables were set
--------------------------------------------------------------------------------

INFO:Timing:2698 - No timing constraints found, doing default enumeration.
INFO:Timing:3412 - To improve timing, see the Timing Closure User Guide (UG612).
INFO:Timing:2752 - To get complete path coverage, use the unconstrained paths 
   option. All paths that are not constrained will be reported in the 
   unconstrained paths section(s) of the report.
INFO:Timing:3339 - The clock-to-out numbers in this timing report are based on 
   a 50 Ohm transmission line loading model.  For the details of this model, 
   and for more information on accounting for different loading conditions, 
   please see the device datasheet.
INFO:Timing:3390 - This architecture does not support a default System Jitter 
   value, please add SYSTEM_JITTER constraint to the UCF to modify the Clock 
   Uncertainty calculation.
INFO:Timing:3389 - This architecture does not support 'Discrete Jitter' and 
   'Phase Error' calculations, these terms will be zero in the Clock 
   Uncertainty calculation.  Please make appropriate modification to 
   SYSTEM_JITTER to account for the unsupported Discrete Jitter and Phase 
   Error.



Data Sheet report:
-----------------
All values displayed in nanoseconds (ns)

Pad to Pad
---------------+---------------+---------+
Source Pad     |Destination Pad|  Delay  |
---------------+---------------+---------+
A              |D0             |    7.344|
A              |D1             |    6.415|
A              |D2             |    6.540|
A              |D3             |    6.777|
A              |D4             |    6.919|
A              |D5             |    6.886|
A              |D6             |    7.089|
A              |D7             |    6.763|
B              |D0             |    7.197|
B              |D1             |    6.297|
B              |D2             |    6.830|
B              |D3             |    6.657|
B              |D4             |    6.837|
B              |D5             |    6.777|
B              |D6             |    6.940|
B              |D7             |    7.071|
C              |D0             |    7.899|
C              |D1             |    7.021|
C              |D2             |    6.387|
C              |D3             |    6.132|
C              |D4             |    6.455|
C              |D5             |    6.389|
C              |D6             |    6.393|
C              |D7             |    6.559|
Enable         |D0             |    6.683|
Enable         |D1             |    5.749|
Enable         |D2             |    5.675|
Enable         |D3             |    6.132|
Enable         |D4             |    6.407|
Enable         |D5             |    6.397|
Enable         |D6             |    6.449|
Enable         |D7             |    5.869|
---------------+---------------+---------+


Analysis completed Wed Apr 17 19:55:12 2019 
--------------------------------------------------------------------------------

Trace Settings:
-------------------------
Trace Settings 

Peak Memory Usage: 132 MB



